// Jest Snapshot v1, https://goo.gl/fbAQLP

exports[`PreupgradeReportsList should render 1`] = `
<ListView
  className=""
  id="preupgrade-report-entries-list-view"
>
  <PreupgradeReportsListHeader
    changeSort={[Function]}
    sort={
      Object {
        "attribute": "",
        "order": "asc",
      }
    }
    toggleSelectAll={[Function]}
  />
  <PreupgradeReportEntry
    entry={
      Object {
        "severity": "Too severe to talk about",
        "title": "Fix me!",
      }
    }
    isEntrySelected={false}
    key="0"
    toggleSelected={[Function]}
  />
  <PreupgradeReportEntry
    entry={
      Object {
        "severity": "medium",
        "title": "I am broken too",
      }
    }
    isEntrySelected={false}
    key="1"
    toggleSelected={[Function]}
  />
  <PreupgradeReportEntry
    entry={
      Object {
        "severity": "high",
        "title": "Octocat is not happy",
      }
    }
    isEntrySelected={false}
    key="2"
    toggleSelected={[Function]}
  />
  <PreupgradeReportEntry
    entry={
      Object {
        "severity": "low",
        "title": "Not enough credits",
      }
    }
    isEntrySelected={false}
    key="3"
    toggleSelected={[Function]}
  />
  <Pagination
    itemCount={4}
    onChange={[Function]}
    viewType="list"
  />
</ListView>
`;

exports[`PreupgradeReportsList should render when working 1`] = `
<ListView
  className=""
  id="preupgrade-report-entries-list-view"
>
  <PreupgradeReportsListHeader
    changeSort={[Function]}
    sort={
      Object {
        "attribute": "",
        "order": "asc",
      }
    }
    toggleSelectAll={[Function]}
  />
  <PreupgradeReportEntry
    entry={
      Object {
        "severity": "Too severe to talk about",
        "title": "Fix me!",
      }
    }
    isEntrySelected={false}
    key="0"
    toggleSelected={[Function]}
  />
  <PreupgradeReportEntry
    entry={
      Object {
        "severity": "medium",
        "title": "I am broken too",
      }
    }
    isEntrySelected={false}
    key="1"
    toggleSelected={[Function]}
  />
  <PreupgradeReportEntry
    entry={
      Object {
        "severity": "high",
        "title": "Octocat is not happy",
      }
    }
    isEntrySelected={false}
    key="2"
    toggleSelected={[Function]}
  />
  <PreupgradeReportEntry
    entry={
      Object {
        "severity": "low",
        "title": "Not enough credits",
      }
    }
    isEntrySelected={false}
    key="3"
    toggleSelected={[Function]}
  />
  <Pagination
    itemCount={4}
    onChange={[Function]}
    viewType="list"
  />
</ListView>
`;
